{
  "processed": 1,
  "failed": 0,
  "errors": []
}