app/(dashboard)/dashboard/loan-applications/components/LoanApplicationDetail.tsx(1036,9): error TS2561: Object literal may only specify known properties, but 'allocattedTellerId' does not exist in type 'LoanApplicationDecisionDTO & { allocatedTellerId?: string | undefined; disbursementMethod?: DisbursementMethod | undefined; }'. Did you mean to write 'allocatedTellerId'?
app/(dashboard)/dashboard/loan-applications/components/LoanApplicationDetail.tsx(1291,46): error TS2339: Property 'disbursementMethod' does not exist on type 'LoanApplication & { member: { id: string; memberNumber: string; user: { name: string; email: string | null; phone: string | null; image: string | null; }; accounts: { id: string; accountNumber: string; balance: number; accountType: { ...; }; branch: { ...; }; }[]; }; loan?: { ...; } | ... 1 more ... | undefined; }'.
app/(dashboard)/dashboard/loan-applications/components/LoanApplicationDetail.tsx(1602,21): error TS2322: Type '{ register: UseFormRegister<DecisionForm>; errors: FieldErrors<DecisionForm>; label: string; name: string; type: string; icon: ForwardRefExoticComponent<...>; placeholder: string; defaultValue: any; }' is not assignable to type 'IntrinsicAttributes & TextInputProps'.
  Property 'defaultValue' does not exist on type 'IntrinsicAttributes & TextInputProps'.
app/(dashboard)/dashboard/loan-applications/components/LoanApplicationDetail.tsx(1602,51): error TS2339: Property 'repaymentPeriodMonths' does not exist on type 'LoanApplication & { member: { id: string; memberNumber: string; user: { name: string; email: string | null; phone: string | null; image: string | null; }; accounts: { id: string; accountNumber: string; balance: number; accountType: { ...; }; branch: { ...; }; }[]; }; loan?: { ...; } | ... 1 more ... | undefined; }'.
app/(dashboard)/dashboard/teller/loans-to-disburse/page.tsx(74,10): error TS18048: 'loans' is possibly 'undefined'.
app/(dashboard)/dashboard/teller/loans-to-disburse/page.tsx(84,18): error TS18048: 'loans' is possibly 'undefined'.
scripts/verify-loan-disbursement.ts(45,55): error TS2353: Object literal may only specify known properties, and 'status' does not exist in type 'Without<UserFloatCreateInput, UserFloatUncheckedCreateInput> & UserFloatUncheckedCreateInput'.
scripts/verify-loan-disbursement.ts(80,25): error TS18048: 'applicationResult.data' is possibly 'undefined'.
scripts/verify-loan-disbursement.ts(145,24): error TS18048: 'disburseResult.data' is possibly 'undefined'.
scripts/verify-loan-disbursement.ts(148,23): error TS18048: 'disburseResult.data' is possibly 'undefined'.
